leila@LAPTOP-JKP8DJLA:~$ git clone https://github.com/tnalpgge/rank-amateur-cowsay.git
cd rank-amateur-cowsay
sudo cp cowsay /usr/local/bin/
sudo chmod +x /usr/local/bin/cowsay
Cloning into 'rank-amateur-cowsay'...
remote: Enumerating objects: 155, done.
remote: Counting objects: 100% (19/19), done.
remote: Compressing objects: 100% (4/4), done.
remote: Total 155 (delta 15), reused 15 (delta 15), pack-reused 136 (from 1)
Receiving objects: 100% (155/155), 44.95 KiB | 237.00 KiB/s, done.
Resolving deltas: 100% (58/58), done.
leila@LAPTOP-JKP8DJLA:~/rank-amateur-cowsay$ cowsay "Hello from source!"
/usr/local/bin/cowsay: line 9: syntax error near unexpected token `('
/usr/local/bin/cowsay: line 9: `use Text::Tabs qw(expand);'
leila@LAPTOP-JKP8DJLA:~/rank-amateur-cowsay$ cd ..
leila@LAPTOP-JKP8DJLA:~$ sudo apt update
sudo apt install perl
Hit:1 http://archive.ubuntu.com/ubuntu jammy InRelease
Hit:2 http://security.ubuntu.com/ubuntu jammy-security InRelease
Hit:3 http://archive.ubuntu.com/ubuntu jammy-updates InRelease
Hit:4 http://archive.ubuntu.com/ubuntu jammy-backports InRelease
Reading package lists... Done
Building dependency tree... Done
Reading state information... Done
108 packages can be upgraded. Run 'apt list --upgradable' to see them.
Reading package lists... Done
Building dependency tree... Done
Reading state information... Done
perl is already the newest version (5.34.0-3ubuntu1.5).
perl set to manually installed.
The following packages were automatically installed and are no longer required:
  g++ g++-11 libncurses-dev libstdc++-11-dev m4
Use 'sudo apt autoremove' to remove them.
0 upgraded, 0 newly installed, 0 to remove and 108 not upgraded.
leila@LAPTOP-JKP8DJLA:~$ sudo nano /usr/local/bin/cowsay
leila@LAPTOP-JKP8DJLA:~$ sudo chmod +x /usr/local/bin/cowsay
leila@LAPTOP-JKP8DJLA:~$ cowsay "Hello from source!"
cowsay: Could not find default.cow cowfile!
leila@LAPTOP-JKP8DJLA:~$ cd ~/rank-amateur-cowsay
leila@LAPTOP-JKP8DJLA:~/rank-amateur-cowsay$ sudo mkdir -p /usr/local/share/cowsay
sudo cp -r cows/* /usr/local/share/cowsay/
leila@LAPTOP-JKP8DJLA:~/rank-amateur-cowsay$ export COWPATH=/usr/local/share/cowsay
leila@LAPTOP-JKP8DJLA:~/rank-amateur-cowsay$ cowsay "Hello from source!"
 ____________________
< Hello from source! >
 --------------------
        \   ^__^
         \  (oo)\_______
            (__)\       )\/\
                ||----w |
                ||     ||
leila@LAPTOP-JKP8DJLA:~/rank-amateur-cowsay$ cowsay -f tux "I love Linux!"
 _______________
< I love Linux! >
 ---------------
   \
    \
        .--.
       |o_o |
       |:_/ |
      //   \ \
     (|     | )
    /'\_   _/`\
    \___)=(___/

leila@LAPTOP-JKP8DJLA:~/rank-amateur-cowsay$ cd ..
leila@LAPTOP-JKP8DJLA:~$ sudo apt install git build-essential autotools-dev autoconf libncursesw5-dev
git clone https://github.com/htop-dev/htop.git
cd htop
./autogen.sh
./configure
make
sudo make install
htop
Reading package lists... Done
Building dependency tree... Done
Reading state information... Done
git is already the newest version (1:2.34.1-1ubuntu1.15).
Suggested packages:
  autoconf-archive gnu-standards autoconf-doc libtool gettext
The following NEW packages will be installed:
  autoconf automake autotools-dev build-essential libncursesw5-dev
0 upgraded, 5 newly installed, 0 to remove and 108 not upgraded.
Need to get 946 kB of archives.
After this operation, 3865 kB of additional disk space will be used.
Get:1 http://archive.ubuntu.com/ubuntu jammy/main amd64 autoconf all 2.71-2 [338 kB]
Get:2 http://archive.ubuntu.com/ubuntu jammy/main amd64 autotools-dev all 20220109.1 [44.9 kB]
Get:3 http://archive.ubuntu.com/ubuntu jammy/main amd64 automake all 1:1.16.5-1.3 [558 kB]
Get:4 http://archive.ubuntu.com/ubuntu jammy/main amd64 build-essential amd64 12.9ubuntu3 [4744 B]
Get:5 http://archive.ubuntu.com/ubuntu jammy-updates/main amd64 libncursesw5-dev amd64 6.3-2ubuntu0.1 [790 B]
Fetched 946 kB in 2s (438 kB/s)
Selecting previously unselected package autoconf.
(Reading database ... 49462 files and directories currently installed.)
Preparing to unpack .../autoconf_2.71-2_all.deb ...
Unpacking autoconf (2.71-2) ...
Selecting previously unselected package autotools-dev.
Preparing to unpack .../autotools-dev_20220109.1_all.deb ...
Unpacking autotools-dev (20220109.1) ...
Selecting previously unselected package automake.
Preparing to unpack .../automake_1%3a1.16.5-1.3_all.deb ...
Unpacking automake (1:1.16.5-1.3) ...
Selecting previously unselected package build-essential.
Preparing to unpack .../build-essential_12.9ubuntu3_amd64.deb ...
Unpacking build-essential (12.9ubuntu3) ...
Selecting previously unselected package libncursesw5-dev:amd64.
Preparing to unpack .../libncursesw5-dev_6.3-2ubuntu0.1_amd64.deb ...
Unpacking libncursesw5-dev:amd64 (6.3-2ubuntu0.1) ...
Setting up libncursesw5-dev:amd64 (6.3-2ubuntu0.1) ...
Setting up autotools-dev (20220109.1) ...
Setting up autoconf (2.71-2) ...
Setting up build-essential (12.9ubuntu3) ...
Setting up automake (1:1.16.5-1.3) ...
update-alternatives: using /usr/bin/automake-1.16 to provide /usr/bin/automake (automake) in auto mode
Processing triggers for install-info (6.8-4build1) ...
Processing triggers for man-db (2.10.2-1) ...
Cloning into 'htop'...
remote: Enumerating objects: 20456, done.
remote: Counting objects: 100% (1815/1815), done.
remote: Compressing objects: 100% (175/175), done.
remote: Total 20456 (delta 1711), reused 1642 (delta 1640), pack-reused 18641 (from 2)
Receiving objects: 100% (20456/20456), 6.60 MiB | 4.13 MiB/s, done.
Resolving deltas: 100% (15817/15817), done.
autoreconf: export WARNINGS=all
autoreconf: Entering directory '.'
autoreconf: configure.ac: not using Gettext
autoreconf: running: aclocal --force
autoreconf: configure.ac: tracing
autoreconf: configure.ac: creating directory build-aux
autoreconf: configure.ac: not using Libtool
autoreconf: configure.ac: not using Intltool
autoreconf: configure.ac: not using Gtkdoc
autoreconf: running: /usr/bin/autoconf --force
configure.ac:424: warning: pkg.m4 is absent or older than version 0.16; this 'configure' would have incomplete pkg-config support
autoreconf: running: /usr/bin/autoheader --force
autoreconf: running: automake --add-missing --copy --force-missing
configure.ac:69: installing 'build-aux/compile'
configure.ac:23: installing 'build-aux/config.guess'
configure.ac:23: installing 'build-aux/config.sub'
configure.ac:24: installing 'build-aux/install-sh'
configure.ac:24: installing 'build-aux/missing'
Makefile.am: installing './INSTALL'
Makefile.am: installing 'build-aux/depcomp'
autoreconf: Leaving directory '.'
checking build system type... x86_64-pc-linux-gnu
checking host system type... x86_64-pc-linux-gnu
checking for a BSD-compatible install... /usr/bin/install -c
checking whether build environment is sane... yes
checking for a race-free mkdir -p... /usr/bin/mkdir -p
checking for gawk... gawk
checking whether make sets $(MAKE)... yes
checking whether make supports nested variables... yes
checking whether make supports the include directive... yes (GNU style)
checking for gcc... gcc
checking whether the C compiler works... yes
checking for C compiler default output file name... a.out
checking for suffix of executables...
checking whether we are cross compiling... no
checking for suffix of object files... o
checking whether the compiler supports GNU C... yes
checking whether gcc accepts -g... yes
checking for gcc option to enable C11 features... none needed
checking whether gcc understands -c and -o together... yes
checking dependency style of gcc... gcc3
checking for stdio.h... yes
checking for stdlib.h... yes
checking for string.h... yes
checking for inttypes.h... yes
checking for stdint.h... yes
checking for strings.h... yes
checking for sys/stat.h... yes
checking for sys/types.h... yes
checking for unistd.h... yes
checking for wchar.h... yes
checking for minix/config.h... no
checking whether it is safe to define __EXTENSIONS__... yes
checking whether _XOPEN_SOURCE should be defined... no
checking for special C compiler options needed for large files... no
checking for _FILE_OFFSET_BITS value needed for large files... no
checking for gcc... (cached) gcc
checking whether the compiler supports GNU C... (cached) yes
checking whether gcc accepts -g... (cached) yes
checking for gcc option to enable C11 features... (cached) none needed
checking whether gcc understands -c and -o together... (cached) yes
checking dependency style of gcc... (cached) gcc3
checking for dirent.h that defines DIR... yes
checking for library containing opendir... none required
checking for stdlib.h... (cached) yes
checking for string.h... (cached) yes
checking for strings.h... (cached) yes
checking for sys/param.h... yes
checking for sys/time.h... yes
checking for sys/utsname.h... yes
checking for unistd.h... (cached) yes
checking for sys/mkdev.h... no
checking for sys/sysmacros.h... yes
checking for execinfo.h... yes
checking for mbstate_t... yes
checking for mode_t... yes
checking for off_t... yes
checking for pid_t... yes
checking for size_t... yes
checking for ssize_t... yes
checking how to run the C preprocessor... gcc -E
checking for grep that handles long lines and -e... /usr/bin/grep
checking for egrep... /usr/bin/grep -E
checking for uid_t in sys/types.h... yes
checking for uint8_t... yes
checking for uint16_t... yes
checking for uint32_t... yes
checking for uint64_t... yes
checking for alloc_size... yes
checking for access... yes
checking for nonnull... yes
checking for returns_nonnull... yes
checking for NaN support... yes
checking for __builtin_ctz... yes
checking for library containing ceil... -lm
checking for library containing dlopen... none required
checking for library containing clock_gettime... none required
checking for clock_gettime... yes
checking for dladdr... yes
checking for faccessat... yes
checking for fstatat... yes
checking for host_get_clock_service... no
checking for memfd_create... yes
checking for openat... yes
checking for readlinkat... yes
checking for sched_getscheduler... yes
checking for sched_setscheduler... yes
checking for strnlen... yes
checking for strchrnul... yes
found ncursesw6 information through ncursesw6-config
checking for keypad in -lncursesw -ltinfo... yes
checking for doupdate in -lncursesw -ltinfo... yes
checking for wadd_wchnstr in -lncursesw -ltinfo... yes
checking for ncursesw/curses.h... yes
checking for ncursesw/term.h... yes
checking whether the curses header works... yes
checking for set_escdelay... yes
checking for getmouse... yes
checking for usable sched_setaffinity... yes
checking for backtrace in -lunwind... no
checking for library containing backtrace... none required
checking the return type of backtrace... automatic (using __typeof__)
checking for cap_init in -lcap... no
checking for sys/capability.h... no
checking for netlink/attr.h... no
checking for netlink/handlers.h... no
checking for netlink/msg.h... no
checking for sensors/sensors.h... no
checking whether C compiler accepts -Wextra-semi-stmt... no
checking whether C compiler accepts -Wimplicit-int-conversion... no
checking whether C compiler accepts -Wnull-dereference... yes
checking that generated files are newer than configure... done
configure: creating ./config.status
config.status: creating Makefile
config.status: creating htop.1
config.status: creating config.h
config.status: executing depfiles commands

  htop 3.5.0-dev-3.4.1-163-ge896ab4

  platform:                  linux (linux-gnu)
  os-release file:           /etc/os-release
  (Linux) proc directory:    /proc
  (Linux) openvz:            no
  (Linux) vserver:           no
  (Linux) ancient vserver:   no
  (Linux) delay accounting:  no
  (Linux) sensors:           no
  (Linux) capabilities:      no
  unicode:                   yes
  affinity:                  yes
  unwind:                    no
  hwloc:                     no
  debug:                     no
  static:                    no

make  all-am
make[1]: Entering directory '/home/leila/htop'
depbase=`echo htop.o | sed 's|[^/]*$|.deps/&|;s|\.o$||'`;\
gcc -DHAVE_CONFIG_H -I.  -DNDEBUG  -std=c99 -pedantic -D_DEFAULT_SOURCE -D_XOPEN_SOURCE=600 -Wall -Wcast-align -Wcast-qual -Wextra -Wfloat-equal -Wformat=2 -Winit-self -Wmissing-format-attribute -Wmissing-noreturn -Wmissing-prototypes -Wpointer-arith -Wshadow -Wstrict-prototypes -Wundef -Wunused -Wwrite-strings -Wnull-dereference -DSYSCONFDIR="\"/usr/local/etc\"" -I"./linux" -g -O2 -MT htop.o -MD -MP -MF $depbase.Tpo -c -o htop.o htop.c &&\
mv -f $depbase.Tpo $depbase.Po
depbase=`echo Action.o | sed 's|[^/]*$|.deps/&|;s|\.o$||'`;\
gcc -DHAVE_CONFIG_H -I.  -DNDEBUG  -std=c99 -pedantic -D_DEFAULT_SOURCE -D_XOPEN_SOURCE=600 -Wall -Wcast-align -Wcast-qual -Wextra -Wfloat-equal -Wformat=2 -Winit-self -Wmissing-format-attribute -Wmissing-noreturn -Wmissing-prototypes -Wpointer-arith -Wshadow -Wstrict-prototypes -Wundef -Wunused -Wwrite-strings -Wnull-dereference -DSYSCONFDIR="\"/usr/local/etc\"" -I"./linux" -g -O2 -MT Action.o -MD -MP -MF $depbase.Tpo -c -o Action.o Action.c &&\
mv -f $depbase.Tpo $depbase.Po
depbase=`echo Affinity.o | sed 's|[^/]*$|.deps/&|;s|\.o$||'`;\
gcc -DHAVE_CONFIG_H -I.  -DNDEBUG  -std=c99 -pedantic -D_DEFAULT_SOURCE -D_XOPEN_SOURCE=600 -Wall -Wcast-align -Wcast-qual -Wextra -Wfloat-equal -Wformat=2 -Winit-self -Wmissing-format-attribute -Wmissing-noreturn -Wmissing-prototypes -Wpointer-arith -Wshadow -Wstrict-prototypes -Wundef -Wunused -Wwrite-strings -Wnull-dereference -DSYSCONFDIR="\"/usr/local/etc\"" -I"./linux" -g -O2 -MT Affinity.o -MD -MP -MF $depbase.Tpo -c -o Affinity.o Affinity.c &&\
mv -f $depbase.Tpo $depbase.Po
depbase=`echo AffinityPanel.o | sed 's|[^/]*$|.deps/&|;s|\.o$||'`;\
gcc -DHAVE_CONFIG_H -I.  -DNDEBUG  -std=c99 -pedantic -D_DEFAULT_SOURCE -D_XOPEN_SOURCE=600 -Wall -Wcast-align -Wcast-qual -Wextra -Wfloat-equal -Wformat=2 -Winit-self -Wmissing-format-attribute -Wmissing-noreturn -Wmissing-prototypes -Wpointer-arith -Wshadow -Wstrict-prototypes -Wundef -Wunused -Wwrite-strings -Wnull-dereference -DSYSCONFDIR="\"/usr/local/etc\"" -I"./linux" -g -O2 -MT AffinityPanel.o -MD -MP -MF $depbase.Tpo -c -o AffinityPanel.o AffinityPanel.c &&\
mv -f $depbase.Tpo $depbase.Po
depbase=`echo AvailableColumnsPanel.o | sed 's|[^/]*$|.deps/&|;s|\.o$||'`;\
gcc -DHAVE_CONFIG_H -I.  -DNDEBUG  -std=c99 -pedantic -D_DEFAULT_SOURCE -D_XOPEN_SOURCE=600 -Wall -Wcast-align -Wcast-qual -Wextra -Wfloat-equal -Wformat=2 -Winit-self -Wmissing-format-attribute -Wmissing-noreturn -Wmissing-prototypes -Wpointer-arith -Wshadow -Wstrict-prototypes -Wundef -Wunused -Wwrite-strings -Wnull-dereference -DSYSCONFDIR="\"/usr/local/etc\"" -I"./linux" -g -O2 -MT AvailableColumnsPanel.o -MD -MP -MF $depbase.Tpo -c -o AvailableColumnsPanel.o AvailableColumnsPanel.c &&\
mv -f $depbase.Tpo $depbase.Po
depbase=`echo AvailableMetersPanel.o | sed 's|[^/]*$|.deps/&|;s|\.o$||'`;\
gcc -DHAVE_CONFIG_H -I.  -DNDEBUG  -std=c99 -pedantic -D_DEFAULT_SOURCE -D_XOPEN_SOURCE=600 -Wall -Wcast-align -Wcast-qual -Wextra -Wfloat-equal -Wformat=2 -Winit-self -Wmissing-format-attribute -Wmissing-noreturn -Wmissing-prototypes -Wpointer-arith -Wshadow -Wstrict-prototypes -Wundef -Wunused -Wwrite-strings -Wnull-dereference -DSYSCONFDIR="\"/usr/local/etc\"" -I"./linux" -g -O2 -MT AvailableMetersPanel.o -MD -MP -MF $depbase.Tpo -c -o AvailableMetersPanel.o AvailableMetersPanel.c &&\
mv -f $depbase.Tpo $depbase.Po
depbase=`echo BatteryMeter.o | sed 's|[^/]*$|.deps/&|;s|\.o$||'`;\
gcc -DHAVE_CONFIG_H -I.  -DNDEBUG  -std=c99 -pedantic -D_DEFAULT_SOURCE -D_XOPEN_SOURCE=600 -Wall -Wcast-align -Wcast-qual -Wextra -Wfloat-equal -Wformat=2 -Winit-self -Wmissing-format-attribute -Wmissing-noreturn -Wmissing-prototypes -Wpointer-arith -Wshadow -Wstrict-prototypes -Wundef -Wunused -Wwrite-strings -Wnull-dereference -DSYSCONFDIR="\"/usr/local/etc\"" -I"./linux" -g -O2 -MT BatteryMeter.o -MD -MP -MF $depbase.Tpo -c -o BatteryMeter.o BatteryMeter.c &&\
mv -f $depbase.Tpo $depbase.Po
depbase=`echo CategoriesPanel.o | sed 's|[^/]*$|.deps/&|;s|\.o$||'`;\
gcc -DHAVE_CONFIG_H -I.  -DNDEBUG  -std=c99 -pedantic -D_DEFAULT_SOURCE -D_XOPEN_SOURCE=600 -Wall -Wcast-align -Wcast-qual -Wextra -Wfloat-equal -Wformat=2 -Winit-self -Wmissing-format-attribute -Wmissing-noreturn -Wmissing-prototypes -Wpointer-arith -Wshadow -Wstrict-prototypes -Wundef -Wunused -Wwrite-strings -Wnull-dereference -DSYSCONFDIR="\"/usr/local/etc\"" -I"./linux" -g -O2 -MT CategoriesPanel.o -MD -MP -MF $depbase.Tpo -c -o CategoriesPanel.o CategoriesPanel.c &&\
mv -f $depbase.Tpo $depbase.Po
depbase=`echo ClockMeter.o | sed 's|[^/]*$|.deps/&|;s|\.o$||'`;\
gcc -DHAVE_CONFIG_H -I.  -DNDEBUG  -std=c99 -pedantic -D_DEFAULT_SOURCE -D_XOPEN_SOURCE=600 -Wall -Wcast-align -Wcast-qual -Wextra -Wfloat-equal -Wformat=2 -Winit-self -Wmissing-format-attribute -Wmissing-noreturn -Wmissing-prototypes -Wpointer-arith -Wshadow -Wstrict-prototypes -Wundef -Wunused -Wwrite-strings -Wnull-dereference -DSYSCONFDIR="\"/usr/local/etc\"" -I"./linux" -g -O2 -MT ClockMeter.o -MD -MP -MF $depbase.Tpo -c -o ClockMeter.o ClockMeter.c &&\
mv -f $depbase.Tpo $depbase.Po
depbase=`echo ColorsPanel.o | sed 's|[^/]*$|.deps/&|;s|\.o$||'`;\
gcc -DHAVE_CONFIG_H -I.  -DNDEBUG  -std=c99 -pedantic -D_DEFAULT_SOURCE -D_XOPEN_SOURCE=600 -Wall -Wcast-align -Wcast-qual -Wextra -Wfloat-equal -Wformat=2 -Winit-self -Wmissing-format-attribute -Wmissing-noreturn -Wmissing-prototypes -Wpointer-arith -Wshadow -Wstrict-prototypes -Wundef -Wunused -Wwrite-strings -Wnull-dereference -DSYSCONFDIR="\"/usr/local/etc\"" -I"./linux" -g -O2 -MT ColorsPanel.o -MD -MP -MF $depbase.Tpo -c -o ColorsPanel.o ColorsPanel.c &&\
mv -f $depbase.Tpo $depbase.Po
depbase=`echo ColumnsPanel.o | sed 's|[^/]*$|.deps/&|;s|\.o$||'`;\
gcc -DHAVE_CONFIG_H -I.  -DNDEBUG  -std=c99 -pedantic -D_DEFAULT_SOURCE -D_XOPEN_SOURCE=600 -Wall -Wcast-align -Wcast-qual -Wextra -Wfloat-equal -Wformat=2 -Winit-self -Wmissing-format-attribute -Wmissing-noreturn -Wmissing-prototypes -Wpointer-arith -Wshadow -Wstrict-prototypes -Wundef -Wunused -Wwrite-strings -Wnull-dereference -DSYSCONFDIR="\"/usr/local/etc\"" -I"./linux" -g -O2 -MT ColumnsPanel.o -MD -MP -MF $depbase.Tpo -c -o ColumnsPanel.o ColumnsPanel.c &&\
mv -f $depbase.Tpo $depbase.Po
depbase=`echo CommandLine.o | sed 's|[^/]*$|.deps/&|;s|\.o$||'`;\
gcc -DHAVE_CONFIG_H -I.  -DNDEBUG  -std=c99 -pedantic -D_DEFAULT_SOURCE -D_XOPEN_SOURCE=600 -Wall -Wcast-align -Wcast-qual -Wextra -Wfloat-equal -Wformat=2 -Winit-self -Wmissing-format-attribute -Wmissing-noreturn -Wmissing-prototypes -Wpointer-arith -Wshadow -Wstrict-prototypes -Wundef -Wunused -Wwrite-strings -Wnull-dereference -DSYSCONFDIR="\"/usr/local/etc\"" -I"./linux" -g -O2 -MT CommandLine.o -MD -MP -MF $depbase.Tpo -c -o CommandLine.o CommandLine.c &&\
mv -f $depbase.Tpo $depbase.Po
depbase=`echo CommandScreen.o | sed 's|[^/]*$|.deps/&|;s|\.o$||'`;\
gcc -DHAVE_CONFIG_H -I.  -DNDEBUG  -std=c99 -pedantic -D_DEFAULT_SOURCE -D_XOPEN_SOURCE=600 -Wall -Wcast-align -Wcast-qual -Wextra -Wfloat-equal -Wformat=2 -Winit-self -Wmissing-format-attribute -Wmissing-noreturn -Wmissing-prototypes -Wpointer-arith -Wshadow -Wstrict-prototypes -Wundef -Wunused -Wwrite-strings -Wnull-dereference -DSYSCONFDIR="\"/usr/local/etc\"" -I"./linux" -g -O2 -MT CommandScreen.o -MD -MP -MF $depbase.Tpo -c -o CommandScreen.o CommandScreen.c &&\
mv -f $depbase.Tpo $depbase.Po
depbase=`echo Compat.o | sed 's|[^/]*$|.deps/&|;s|\.o$||'`;\
gcc -DHAVE_CONFIG_H -I.  -DNDEBUG  -std=c99 -pedantic -D_DEFAULT_SOURCE -D_XOPEN_SOURCE=600 -Wall -Wcast-align -Wcast-qual -Wextra -Wfloat-equal -Wformat=2 -Winit-self -Wmissing-format-attribute -Wmissing-noreturn -Wmissing-prototypes -Wpointer-arith -Wshadow -Wstrict-prototypes -Wundef -Wunused -Wwrite-strings -Wnull-dereference -DSYSCONFDIR="\"/usr/local/etc\"" -I"./linux" -g -O2 -MT Compat.o -MD -MP -MF $depbase.Tpo -c -o Compat.o Compat.c &&\
mv -f $depbase.Tpo $depbase.Po
depbase=`echo CPUMeter.o | sed 's|[^/]*$|.deps/&|;s|\.o$||'`;\
gcc -DHAVE_CONFIG_H -I.  -DNDEBUG  -std=c99 -pedantic -D_DEFAULT_SOURCE -D_XOPEN_SOURCE=600 -Wall -Wcast-align -Wcast-qual -Wextra -Wfloat-equal -Wformat=2 -Winit-self -Wmissing-format-attribute -Wmissing-noreturn -Wmissing-prototypes -Wpointer-arith -Wshadow -Wstrict-prototypes -Wundef -Wunused -Wwrite-strings -Wnull-dereference -DSYSCONFDIR="\"/usr/local/etc\"" -I"./linux" -g -O2 -MT CPUMeter.o -MD -MP -MF $depbase.Tpo -c -o CPUMeter.o CPUMeter.c &&\
mv -f $depbase.Tpo $depbase.Po
depbase=`echo CRT.o | sed 's|[^/]*$|.deps/&|;s|\.o$||'`;\
gcc -DHAVE_CONFIG_H -I.  -DNDEBUG  -std=c99 -pedantic -D_DEFAULT_SOURCE -D_XOPEN_SOURCE=600 -Wall -Wcast-align -Wcast-qual -Wextra -Wfloat-equal -Wformat=2 -Winit-self -Wmissing-format-attribute -Wmissing-noreturn -Wmissing-prototypes -Wpointer-arith -Wshadow -Wstrict-prototypes -Wundef -Wunused -Wwrite-strings -Wnull-dereference -DSYSCONFDIR="\"/usr/local/etc\"" -I"./linux" -g -O2 -MT CRT.o -MD -MP -MF $depbase.Tpo -c -o CRT.o CRT.c &&\
mv -f $depbase.Tpo $depbase.Po
depbase=`echo DateMeter.o | sed 's|[^/]*$|.deps/&|;s|\.o$||'`;\
gcc -DHAVE_CONFIG_H -I.  -DNDEBUG  -std=c99 -pedantic -D_DEFAULT_SOURCE -D_XOPEN_SOURCE=600 -Wall -Wcast-align -Wcast-qual -Wextra -Wfloat-equal -Wformat=2 -Winit-self -Wmissing-format-attribute -Wmissing-noreturn -Wmissing-prototypes -Wpointer-arith -Wshadow -Wstrict-prototypes -Wundef -Wunused -Wwrite-strings -Wnull-dereference -DSYSCONFDIR="\"/usr/local/etc\"" -I"./linux" -g -O2 -MT DateMeter.o -MD -MP -MF $depbase.Tpo -c -o DateMeter.o DateMeter.c &&\
mv -f $depbase.Tpo $depbase.Po
depbase=`echo DateTimeMeter.o | sed 's|[^/]*$|.deps/&|;s|\.o$||'`;\
gcc -DHAVE_CONFIG_H -I.  -DNDEBUG  -std=c99 -pedantic -D_DEFAULT_SOURCE -D_XOPEN_SOURCE=600 -Wall -Wcast-align -Wcast-qual -Wextra -Wfloat-equal -Wformat=2 -Winit-self -Wmissing-format-attribute -Wmissing-noreturn -Wmissing-prototypes -Wpointer-arith -Wshadow -Wstrict-prototypes -Wundef -Wunused -Wwrite-strings -Wnull-dereference -DSYSCONFDIR="\"/usr/local/etc\"" -I"./linux" -g -O2 -MT DateTimeMeter.o -MD -MP -MF $depbase.Tpo -c -o DateTimeMeter.o DateTimeMeter.c &&\
mv -f $depbase.Tpo $depbase.Po
depbase=`echo DiskIOMeter.o | sed 's|[^/]*$|.deps/&|;s|\.o$||'`;\
gcc -DHAVE_CONFIG_H -I.  -DNDEBUG  -std=c99 -pedantic -D_DEFAULT_SOURCE -D_XOPEN_SOURCE=600 -Wall -Wcast-align -Wcast-qual -Wextra -Wfloat-equal -Wformat=2 -Winit-self -Wmissing-format-attribute -Wmissing-noreturn -Wmissing-prototypes -Wpointer-arith -Wshadow -Wstrict-prototypes -Wundef -Wunused -Wwrite-strings -Wnull-dereference -DSYSCONFDIR="\"/usr/local/etc\"" -I"./linux" -g -O2 -MT DiskIOMeter.o -MD -MP -MF $depbase.Tpo -c -o DiskIOMeter.o DiskIOMeter.c &&\
mv -f $depbase.Tpo $depbase.Po
depbase=`echo DisplayOptionsPanel.o | sed 's|[^/]*$|.deps/&|;s|\.o$||'`;\
gcc -DHAVE_CONFIG_H -I.  -DNDEBUG  -std=c99 -pedantic -D_DEFAULT_SOURCE -D_XOPEN_SOURCE=600 -Wall -Wcast-align -Wcast-qual -Wextra -Wfloat-equal -Wformat=2 -Winit-self -Wmissing-format-attribute -Wmissing-noreturn -Wmissing-prototypes -Wpointer-arith -Wshadow -Wstrict-prototypes -Wundef -Wunused -Wwrite-strings -Wnull-dereference -DSYSCONFDIR="\"/usr/local/etc\"" -I"./linux" -g -O2 -MT DisplayOptionsPanel.o -MD -MP -MF $depbase.Tpo -c -o DisplayOptionsPanel.o DisplayOptionsPanel.c &&\
mv -f $depbase.Tpo $depbase.Po
depbase=`echo DynamicColumn.o | sed 's|[^/]*$|.deps/&|;s|\.o$||'`;\
gcc -DHAVE_CONFIG_H -I.  -DNDEBUG  -std=c99 -pedantic -D_DEFAULT_SOURCE -D_XOPEN_SOURCE=600 -Wall -Wcast-align -Wcast-qual -Wextra -Wfloat-equal -Wformat=2 -Winit-self -Wmissing-format-attribute -Wmissing-noreturn -Wmissing-prototypes -Wpointer-arith -Wshadow -Wstrict-prototypes -Wundef -Wunused -Wwrite-strings -Wnull-dereference -DSYSCONFDIR="\"/usr/local/etc\"" -I"./linux" -g -O2 -MT DynamicColumn.o -MD -MP -MF $depbase.Tpo -c -o DynamicColumn.o DynamicColumn.c &&\
mv -f $depbase.Tpo $depbase.Po
depbase=`echo DynamicMeter.o | sed 's|[^/]*$|.deps/&|;s|\.o$||'`;\
gcc -DHAVE_CONFIG_H -I.  -DNDEBUG  -std=c99 -pedantic -D_DEFAULT_SOURCE -D_XOPEN_SOURCE=600 -Wall -Wcast-align -Wcast-qual -Wextra -Wfloat-equal -Wformat=2 -Winit-self -Wmissing-format-attribute -Wmissing-noreturn -Wmissing-prototypes -Wpointer-arith -Wshadow -Wstrict-prototypes -Wundef -Wunused -Wwrite-strings -Wnull-dereference -DSYSCONFDIR="\"/usr/local/etc\"" -I"./linux" -g -O2 -MT DynamicMeter.o -MD -MP -MF $depbase.Tpo -c -o DynamicMeter.o DynamicMeter.c &&\
mv -f $depbase.Tpo $depbase.Po
depbase=`echo DynamicScreen.o | sed 's|[^/]*$|.deps/&|;s|\.o$||'`;\
gcc -DHAVE_CONFIG_H -I.  -DNDEBUG  -std=c99 -pedantic -D_DEFAULT_SOURCE -D_XOPEN_SOURCE=600 -Wall -Wcast-align -Wcast-qual -Wextra -Wfloat-equal -Wformat=2 -Winit-self -Wmissing-format-attribute -Wmissing-noreturn -Wmissing-prototypes -Wpointer-arith -Wshadow -Wstrict-prototypes -Wundef -Wunused -Wwrite-strings -Wnull-dereference -DSYSCONFDIR="\"/usr/local/etc\"" -I"./linux" -g -O2 -MT DynamicScreen.o -MD -MP -MF $depbase.Tpo -c -o DynamicScreen.o DynamicScreen.c &&\
mv -f $depbase.Tpo $depbase.Po
depbase=`echo EnvScreen.o | sed 's|[^/]*$|.deps/&|;s|\.o$||'`;\
gcc -DHAVE_CONFIG_H -I.  -DNDEBUG  -std=c99 -pedantic -D_DEFAULT_SOURCE -D_XOPEN_SOURCE=600 -Wall -Wcast-align -Wcast-qual -Wextra -Wfloat-equal -Wformat=2 -Winit-self -Wmissing-format-attribute -Wmissing-noreturn -Wmissing-prototypes -Wpointer-arith -Wshadow -Wstrict-prototypes -Wundef -Wunused -Wwrite-strings -Wnull-dereference -DSYSCONFDIR="\"/usr/local/etc\"" -I"./linux" -g -O2 -MT EnvScreen.o -MD -MP -MF $depbase.Tpo -c -o EnvScreen.o EnvScreen.c &&\
mv -f $depbase.Tpo $depbase.Po
depbase=`echo FileDescriptorMeter.o | sed 's|[^/]*$|.deps/&|;s|\.o$||'`;\
gcc -DHAVE_CONFIG_H -I.  -DNDEBUG  -std=c99 -pedantic -D_DEFAULT_SOURCE -D_XOPEN_SOURCE=600 -Wall -Wcast-align -Wcast-qual -Wextra -Wfloat-equal -Wformat=2 -Winit-self -Wmissing-format-attribute -Wmissing-noreturn -Wmissing-prototypes -Wpointer-arith -Wshadow -Wstrict-prototypes -Wundef -Wunused -Wwrite-strings -Wnull-dereference -DSYSCONFDIR="\"/usr/local/etc\"" -I"./linux" -g -O2 -MT FileDescriptorMeter.o -MD -MP -MF $depbase.Tpo -c -o FileDescriptorMeter.o FileDescriptorMeter.c &&\
mv -f $depbase.Tpo $depbase.Po
depbase=`echo FunctionBar.o | sed 's|[^/]*$|.deps/&|;s|\.o$||'`;\
gcc -DHAVE_CONFIG_H -I.  -DNDEBUG  -std=c99 -pedantic -D_DEFAULT_SOURCE -D_XOPEN_SOURCE=600 -Wall -Wcast-align -Wcast-qual -Wextra -Wfloat-equal -Wformat=2 -Winit-self -Wmissing-format-attribute -Wmissing-noreturn -Wmissing-prototypes -Wpointer-arith -Wshadow -Wstrict-prototypes -Wundef -Wunused -Wwrite-strings -Wnull-dereference -DSYSCONFDIR="\"/usr/local/etc\"" -I"./linux" -g -O2 -MT FunctionBar.o -MD -MP -MF $depbase.Tpo -c -o FunctionBar.o FunctionBar.c &&\
mv -f $depbase.Tpo $depbase.Po
depbase=`echo Hashtable.o | sed 's|[^/]*$|.deps/&|;s|\.o$||'`;\
gcc -DHAVE_CONFIG_H -I.  -DNDEBUG  -std=c99 -pedantic -D_DEFAULT_SOURCE -D_XOPEN_SOURCE=600 -Wall -Wcast-align -Wcast-qual -Wextra -Wfloat-equal -Wformat=2 -Winit-self -Wmissing-format-attribute -Wmissing-noreturn -Wmissing-prototypes -Wpointer-arith -Wshadow -Wstrict-prototypes -Wundef -Wunused -Wwrite-strings -Wnull-dereference -DSYSCONFDIR="\"/usr/local/etc\"" -I"./linux" -g -O2 -MT Hashtable.o -MD -MP -MF $depbase.Tpo -c -o Hashtable.o Hashtable.c &&\
mv -f $depbase.Tpo $depbase.Po
depbase=`echo Header.o | sed 's|[^/]*$|.deps/&|;s|\.o$||'`;\
gcc -DHAVE_CONFIG_H -I.  -DNDEBUG  -std=c99 -pedantic -D_DEFAULT_SOURCE -D_XOPEN_SOURCE=600 -Wall -Wcast-align -Wcast-qual -Wextra -Wfloat-equal -Wformat=2 -Winit-self -Wmissing-format-attribute -Wmissing-noreturn -Wmissing-prototypes -Wpointer-arith -Wshadow -Wstrict-prototypes -Wundef -Wunused -Wwrite-strings -Wnull-dereference -DSYSCONFDIR="\"/usr/local/etc\"" -I"./linux" -g -O2 -MT Header.o -MD -MP -MF $depbase.Tpo -c -o Header.o Header.c &&\
mv -f $depbase.Tpo $depbase.Po
depbase=`echo HeaderOptionsPanel.o | sed 's|[^/]*$|.deps/&|;s|\.o$||'`;\
gcc -DHAVE_CONFIG_H -I.  -DNDEBUG  -std=c99 -pedantic -D_DEFAULT_SOURCE -D_XOPEN_SOURCE=600 -Wall -Wcast-align -Wcast-qual -Wextra -Wfloat-equal -Wformat=2 -Winit-self -Wmissing-format-attribute -Wmissing-noreturn -Wmissing-prototypes -Wpointer-arith -Wshadow -Wstrict-prototypes -Wundef -Wunused -Wwrite-strings -Wnull-dereference -DSYSCONFDIR="\"/usr/local/etc\"" -I"./linux" -g -O2 -MT HeaderOptionsPanel.o -MD -MP -MF $depbase.Tpo -c -o HeaderOptionsPanel.o HeaderOptionsPanel.c &&\
mv -f $depbase.Tpo $depbase.Po
depbase=`echo HostnameMeter.o | sed 's|[^/]*$|.deps/&|;s|\.o$||'`;\
gcc -DHAVE_CONFIG_H -I.  -DNDEBUG  -std=c99 -pedantic -D_DEFAULT_SOURCE -D_XOPEN_SOURCE=600 -Wall -Wcast-align -Wcast-qual -Wextra -Wfloat-equal -Wformat=2 -Winit-self -Wmissing-format-attribute -Wmissing-noreturn -Wmissing-prototypes -Wpointer-arith -Wshadow -Wstrict-prototypes -Wundef -Wunused -Wwrite-strings -Wnull-dereference -DSYSCONFDIR="\"/usr/local/etc\"" -I"./linux" -g -O2 -MT HostnameMeter.o -MD -MP -MF $depbase.Tpo -c -o HostnameMeter.o HostnameMeter.c &&\
mv -f $depbase.Tpo $depbase.Po
depbase=`echo IncSet.o | sed 's|[^/]*$|.deps/&|;s|\.o$||'`;\
gcc -DHAVE_CONFIG_H -I.  -DNDEBUG  -std=c99 -pedantic -D_DEFAULT_SOURCE -D_XOPEN_SOURCE=600 -Wall -Wcast-align -Wcast-qual -Wextra -Wfloat-equal -Wformat=2 -Winit-self -Wmissing-format-attribute -Wmissing-noreturn -Wmissing-prototypes -Wpointer-arith -Wshadow -Wstrict-prototypes -Wundef -Wunused -Wwrite-strings -Wnull-dereference -DSYSCONFDIR="\"/usr/local/etc\"" -I"./linux" -g -O2 -MT IncSet.o -MD -MP -MF $depbase.Tpo -c -o IncSet.o IncSet.c &&\
mv -f $depbase.Tpo $depbase.Po
depbase=`echo InfoScreen.o | sed 's|[^/]*$|.deps/&|;s|\.o$||'`;\
gcc -DHAVE_CONFIG_H -I.  -DNDEBUG  -std=c99 -pedantic -D_DEFAULT_SOURCE -D_XOPEN_SOURCE=600 -Wall -Wcast-align -Wcast-qual -Wextra -Wfloat-equal -Wformat=2 -Winit-self -Wmissing-format-attribute -Wmissing-noreturn -Wmissing-prototypes -Wpointer-arith -Wshadow -Wstrict-prototypes -Wundef -Wunused -Wwrite-strings -Wnull-dereference -DSYSCONFDIR="\"/usr/local/etc\"" -I"./linux" -g -O2 -MT InfoScreen.o -MD -MP -MF $depbase.Tpo -c -o InfoScreen.o InfoScreen.c &&\
mv -f $depbase.Tpo $depbase.Po
depbase=`echo ListItem.o | sed 's|[^/]*$|.deps/&|;s|\.o$||'`;\
gcc -DHAVE_CONFIG_H -I.  -DNDEBUG  -std=c99 -pedantic -D_DEFAULT_SOURCE -D_XOPEN_SOURCE=600 -Wall -Wcast-align -Wcast-qual -Wextra -Wfloat-equal -Wformat=2 -Winit-self -Wmissing-format-attribute -Wmissing-noreturn -Wmissing-prototypes -Wpointer-arith -Wshadow -Wstrict-prototypes -Wundef -Wunused -Wwrite-strings -Wnull-dereference -DSYSCONFDIR="\"/usr/local/etc\"" -I"./linux" -g -O2 -MT ListItem.o -MD -MP -MF $depbase.Tpo -c -o ListItem.o ListItem.c &&\
mv -f $depbase.Tpo $depbase.Po
depbase=`echo LoadAverageMeter.o | sed 's|[^/]*$|.deps/&|;s|\.o$||'`;\
gcc -DHAVE_CONFIG_H -I.  -DNDEBUG  -std=c99 -pedantic -D_DEFAULT_SOURCE -D_XOPEN_SOURCE=600 -Wall -Wcast-align -Wcast-qual -Wextra -Wfloat-equal -Wformat=2 -Winit-self -Wmissing-format-attribute -Wmissing-noreturn -Wmissing-prototypes -Wpointer-arith -Wshadow -Wstrict-prototypes -Wundef -Wunused -Wwrite-strings -Wnull-dereference -DSYSCONFDIR="\"/usr/local/etc\"" -I"./linux" -g -O2 -MT LoadAverageMeter.o -MD -MP -MF $depbase.Tpo -c -o LoadAverageMeter.o LoadAverageMeter.c &&\
mv -f $depbase.Tpo $depbase.Po
depbase=`echo Machine.o | sed 's|[^/]*$|.deps/&|;s|\.o$||'`;\
gcc -DHAVE_CONFIG_H -I.  -DNDEBUG  -std=c99 -pedantic -D_DEFAULT_SOURCE -D_XOPEN_SOURCE=600 -Wall -Wcast-align -Wcast-qual -Wextra -Wfloat-equal -Wformat=2 -Winit-self -Wmissing-format-attribute -Wmissing-noreturn -Wmissing-prototypes -Wpointer-arith -Wshadow -Wstrict-prototypes -Wundef -Wunused -Wwrite-strings -Wnull-dereference -DSYSCONFDIR="\"/usr/local/etc\"" -I"./linux" -g -O2 -MT Machine.o -MD -MP -MF $depbase.Tpo -c -o Machine.o Machine.c &&\
mv -f $depbase.Tpo $depbase.Po
depbase=`echo MainPanel.o | sed 's|[^/]*$|.deps/&|;s|\.o$||'`;\
gcc -DHAVE_CONFIG_H -I.  -DNDEBUG  -std=c99 -pedantic -D_DEFAULT_SOURCE -D_XOPEN_SOURCE=600 -Wall -Wcast-align -Wcast-qual -Wextra -Wfloat-equal -Wformat=2 -Winit-self -Wmissing-format-attribute -Wmissing-noreturn -Wmissing-prototypes -Wpointer-arith -Wshadow -Wstrict-prototypes -Wundef -Wunused -Wwrite-strings -Wnull-dereference -DSYSCONFDIR="\"/usr/local/etc\"" -I"./linux" -g -O2 -MT MainPanel.o -MD -MP -MF $depbase.Tpo -c -o MainPanel.o MainPanel.c &&\
mv -f $depbase.Tpo $depbase.Po
depbase=`echo MemoryMeter.o | sed 's|[^/]*$|.deps/&|;s|\.o$||'`;\
gcc -DHAVE_CONFIG_H -I.  -DNDEBUG  -std=c99 -pedantic -D_DEFAULT_SOURCE -D_XOPEN_SOURCE=600 -Wall -Wcast-align -Wcast-qual -Wextra -Wfloat-equal -Wformat=2 -Winit-self -Wmissing-format-attribute -Wmissing-noreturn -Wmissing-prototypes -Wpointer-arith -Wshadow -Wstrict-prototypes -Wundef -Wunused -Wwrite-strings -Wnull-dereference -DSYSCONFDIR="\"/usr/local/etc\"" -I"./linux" -g -O2 -MT MemoryMeter.o -MD -MP -MF $depbase.Tpo -c -o MemoryMeter.o MemoryMeter.c &&\
mv -f $depbase.Tpo $depbase.Po
depbase=`echo MemorySwapMeter.o | sed 's|[^/]*$|.deps/&|;s|\.o$||'`;\
gcc -DHAVE_CONFIG_H -I.  -DNDEBUG  -std=c99 -pedantic -D_DEFAULT_SOURCE -D_XOPEN_SOURCE=600 -Wall -Wcast-align -Wcast-qual -Wextra -Wfloat-equal -Wformat=2 -Winit-self -Wmissing-format-attribute -Wmissing-noreturn -Wmissing-prototypes -Wpointer-arith -Wshadow -Wstrict-prototypes -Wundef -Wunused -Wwrite-strings -Wnull-dereference -DSYSCONFDIR="\"/usr/local/etc\"" -I"./linux" -g -O2 -MT MemorySwapMeter.o -MD -MP -MF $depbase.Tpo -c -o MemorySwapMeter.o MemorySwapMeter.c &&\
mv -f $depbase.Tpo $depbase.Po
depbase=`echo Meter.o | sed 's|[^/]*$|.deps/&|;s|\.o$||'`;\
gcc -DHAVE_CONFIG_H -I.  -DNDEBUG  -std=c99 -pedantic -D_DEFAULT_SOURCE -D_XOPEN_SOURCE=600 -Wall -Wcast-align -Wcast-qual -Wextra -Wfloat-equal -Wformat=2 -Winit-self -Wmissing-format-attribute -Wmissing-noreturn -Wmissing-prototypes -Wpointer-arith -Wshadow -Wstrict-prototypes -Wundef -Wunused -Wwrite-strings -Wnull-dereference -DSYSCONFDIR="\"/usr/local/etc\"" -I"./linux" -g -O2 -MT Meter.o -MD -MP -MF $depbase.Tpo -c -o Meter.o Meter.c &&\
mv -f $depbase.Tpo $depbase.Po
depbase=`echo MetersPanel.o | sed 's|[^/]*$|.deps/&|;s|\.o$||'`;\
gcc -DHAVE_CONFIG_H -I.  -DNDEBUG  -std=c99 -pedantic -D_DEFAULT_SOURCE -D_XOPEN_SOURCE=600 -Wall -Wcast-align -Wcast-qual -Wextra -Wfloat-equal -Wformat=2 -Winit-self -Wmissing-format-attribute -Wmissing-noreturn -Wmissing-prototypes -Wpointer-arith -Wshadow -Wstrict-prototypes -Wundef -Wunused -Wwrite-strings -Wnull-dereference -DSYSCONFDIR="\"/usr/local/etc\"" -I"./linux" -g -O2 -MT MetersPanel.o -MD -MP -MF $depbase.Tpo -c -o MetersPanel.o MetersPanel.c &&\
mv -f $depbase.Tpo $depbase.Po
depbase=`echo NetworkIOMeter.o | sed 's|[^/]*$|.deps/&|;s|\.o$||'`;\
gcc -DHAVE_CONFIG_H -I.  -DNDEBUG  -std=c99 -pedantic -D_DEFAULT_SOURCE -D_XOPEN_SOURCE=600 -Wall -Wcast-align -Wcast-qual -Wextra -Wfloat-equal -Wformat=2 -Winit-self -Wmissing-format-attribute -Wmissing-noreturn -Wmissing-prototypes -Wpointer-arith -Wshadow -Wstrict-prototypes -Wundef -Wunused -Wwrite-strings -Wnull-dereference -DSYSCONFDIR="\"/usr/local/etc\"" -I"./linux" -g -O2 -MT NetworkIOMeter.o -MD -MP -MF $depbase.Tpo -c -o NetworkIOMeter.o NetworkIOMeter.c &&\
mv -f $depbase.Tpo $depbase.Po
depbase=`echo Object.o | sed 's|[^/]*$|.deps/&|;s|\.o$||'`;\
gcc -DHAVE_CONFIG_H -I.  -DNDEBUG  -std=c99 -pedantic -D_DEFAULT_SOURCE -D_XOPEN_SOURCE=600 -Wall -Wcast-align -Wcast-qual -Wextra -Wfloat-equal -Wformat=2 -Winit-self -Wmissing-format-attribute -Wmissing-noreturn -Wmissing-prototypes -Wpointer-arith -Wshadow -Wstrict-prototypes -Wundef -Wunused -Wwrite-strings -Wnull-dereference -DSYSCONFDIR="\"/usr/local/etc\"" -I"./linux" -g -O2 -MT Object.o -MD -MP -MF $depbase.Tpo -c -o Object.o Object.c &&\
mv -f $depbase.Tpo $depbase.Po
depbase=`echo OpenFilesScreen.o | sed 's|[^/]*$|.deps/&|;s|\.o$||'`;\
gcc -DHAVE_CONFIG_H -I.  -DNDEBUG  -std=c99 -pedantic -D_DEFAULT_SOURCE -D_XOPEN_SOURCE=600 -Wall -Wcast-align -Wcast-qual -Wextra -Wfloat-equal -Wformat=2 -Winit-self -Wmissing-format-attribute -Wmissing-noreturn -Wmissing-prototypes -Wpointer-arith -Wshadow -Wstrict-prototypes -Wundef -Wunused -Wwrite-strings -Wnull-dereference -DSYSCONFDIR="\"/usr/local/etc\"" -I"./linux" -g -O2 -MT OpenFilesScreen.o -MD -MP -MF $depbase.Tpo -c -o OpenFilesScreen.o OpenFilesScreen.c &&\
mv -f $depbase.Tpo $depbase.Po
depbase=`echo OptionItem.o | sed 's|[^/]*$|.deps/&|;s|\.o$||'`;\
gcc -DHAVE_CONFIG_H -I.  -DNDEBUG  -std=c99 -pedantic -D_DEFAULT_SOURCE -D_XOPEN_SOURCE=600 -Wall -Wcast-align -Wcast-qual -Wextra -Wfloat-equal -Wformat=2 -Winit-self -Wmissing-format-attribute -Wmissing-noreturn -Wmissing-prototypes -Wpointer-arith -Wshadow -Wstrict-prototypes -Wundef -Wunused -Wwrite-strings -Wnull-dereference -DSYSCONFDIR="\"/usr/local/etc\"" -I"./linux" -g -O2 -MT OptionItem.o -MD -MP -MF $depbase.Tpo -c -o OptionItem.o OptionItem.c &&\
mv -f $depbase.Tpo $depbase.Po
depbase=`echo Panel.o | sed 's|[^/]*$|.deps/&|;s|\.o$||'`;\
gcc -DHAVE_CONFIG_H -I.  -DNDEBUG  -std=c99 -pedantic -D_DEFAULT_SOURCE -D_XOPEN_SOURCE=600 -Wall -Wcast-align -Wcast-qual -Wextra -Wfloat-equal -Wformat=2 -Winit-self -Wmissing-format-attribute -Wmissing-noreturn -Wmissing-prototypes -Wpointer-arith -Wshadow -Wstrict-prototypes -Wundef -Wunused -Wwrite-strings -Wnull-dereference -DSYSCONFDIR="\"/usr/local/etc\"" -I"./linux" -g -O2 -MT Panel.o -MD -MP -MF $depbase.Tpo -c -o Panel.o Panel.c &&\
mv -f $depbase.Tpo $depbase.Po
depbase=`echo Process.o | sed 's|[^/]*$|.deps/&|;s|\.o$||'`;\
gcc -DHAVE_CONFIG_H -I.  -DNDEBUG  -std=c99 -pedantic -D_DEFAULT_SOURCE -D_XOPEN_SOURCE=600 -Wall -Wcast-align -Wcast-qual -Wextra -Wfloat-equal -Wformat=2 -Winit-self -Wmissing-format-attribute -Wmissing-noreturn -Wmissing-prototypes -Wpointer-arith -Wshadow -Wstrict-prototypes -Wundef -Wunused -Wwrite-strings -Wnull-dereference -DSYSCONFDIR="\"/usr/local/etc\"" -I"./linux" -g -O2 -MT Process.o -MD -MP -MF $depbase.Tpo -c -o Process.o Process.c &&\
mv -f $depbase.Tpo $depbase.Po
depbase=`echo ProcessLocksScreen.o | sed 's|[^/]*$|.deps/&|;s|\.o$||'`;\
gcc -DHAVE_CONFIG_H -I.  -DNDEBUG  -std=c99 -pedantic -D_DEFAULT_SOURCE -D_XOPEN_SOURCE=600 -Wall -Wcast-align -Wcast-qual -Wextra -Wfloat-equal -Wformat=2 -Winit-self -Wmissing-format-attribute -Wmissing-noreturn -Wmissing-prototypes -Wpointer-arith -Wshadow -Wstrict-prototypes -Wundef -Wunused -Wwrite-strings -Wnull-dereference -DSYSCONFDIR="\"/usr/local/etc\"" -I"./linux" -g -O2 -MT ProcessLocksScreen.o -MD -MP -MF $depbase.Tpo -c -o ProcessLocksScreen.o ProcessLocksScreen.c &&\
mv -f $depbase.Tpo $depbase.Po
depbase=`echo ProcessTable.o | sed 's|[^/]*$|.deps/&|;s|\.o$||'`;\
gcc -DHAVE_CONFIG_H -I.  -DNDEBUG  -std=c99 -pedantic -D_DEFAULT_SOURCE -D_XOPEN_SOURCE=600 -Wall -Wcast-align -Wcast-qual -Wextra -Wfloat-equal -Wformat=2 -Winit-self -Wmissing-format-attribute -Wmissing-noreturn -Wmissing-prototypes -Wpointer-arith -Wshadow -Wstrict-prototypes -Wundef -Wunused -Wwrite-strings -Wnull-dereference -DSYSCONFDIR="\"/usr/local/etc\"" -I"./linux" -g -O2 -MT ProcessTable.o -MD -MP -MF $depbase.Tpo -c -o ProcessTable.o ProcessTable.c &&\
mv -f $depbase.Tpo $depbase.Po
depbase=`echo Row.o | sed 's|[^/]*$|.deps/&|;s|\.o$||'`;\
gcc -DHAVE_CONFIG_H -I.  -DNDEBUG  -std=c99 -pedantic -D_DEFAULT_SOURCE -D_XOPEN_SOURCE=600 -Wall -Wcast-align -Wcast-qual -Wextra -Wfloat-equal -Wformat=2 -Winit-self -Wmissing-format-attribute -Wmissing-noreturn -Wmissing-prototypes -Wpointer-arith -Wshadow -Wstrict-prototypes -Wundef -Wunused -Wwrite-strings -Wnull-dereference -DSYSCONFDIR="\"/usr/local/etc\"" -I"./linux" -g -O2 -MT Row.o -MD -MP -MF $depbase.Tpo -c -o Row.o Row.c &&\
mv -f $depbase.Tpo $depbase.Po
depbase=`echo RichString.o | sed 's|[^/]*$|.deps/&|;s|\.o$||'`;\
gcc -DHAVE_CONFIG_H -I.  -DNDEBUG  -std=c99 -pedantic -D_DEFAULT_SOURCE -D_XOPEN_SOURCE=600 -Wall -Wcast-align -Wcast-qual -Wextra -Wfloat-equal -Wformat=2 -Winit-self -Wmissing-format-attribute -Wmissing-noreturn -Wmissing-prototypes -Wpointer-arith -Wshadow -Wstrict-prototypes -Wundef -Wunused -Wwrite-strings -Wnull-dereference -DSYSCONFDIR="\"/usr/local/etc\"" -I"./linux" -g -O2 -MT RichString.o -MD -MP -MF $depbase.Tpo -c -o RichString.o RichString.c &&\
mv -f $depbase.Tpo $depbase.Po
depbase=`echo Scheduling.o | sed 's|[^/]*$|.deps/&|;s|\.o$||'`;\
gcc -DHAVE_CONFIG_H -I.  -DNDEBUG  -std=c99 -pedantic -D_DEFAULT_SOURCE -D_XOPEN_SOURCE=600 -Wall -Wcast-align -Wcast-qual -Wextra -Wfloat-equal -Wformat=2 -Winit-self -Wmissing-format-attribute -Wmissing-noreturn -Wmissing-prototypes -Wpointer-arith -Wshadow -Wstrict-prototypes -Wundef -Wunused -Wwrite-strings -Wnull-dereference -DSYSCONFDIR="\"/usr/local/etc\"" -I"./linux" -g -O2 -MT Scheduling.o -MD -MP -MF $depbase.Tpo -c -o Scheduling.o Scheduling.c &&\
mv -f $depbase.Tpo $depbase.Po
depbase=`echo ScreenManager.o | sed 's|[^/]*$|.deps/&|;s|\.o$||'`;\
gcc -DHAVE_CONFIG_H -I.  -DNDEBUG  -std=c99 -pedantic -D_DEFAULT_SOURCE -D_XOPEN_SOURCE=600 -Wall -Wcast-align -Wcast-qual -Wextra -Wfloat-equal -Wformat=2 -Winit-self -Wmissing-format-attribute -Wmissing-noreturn -Wmissing-prototypes -Wpointer-arith -Wshadow -Wstrict-prototypes -Wundef -Wunused -Wwrite-strings -Wnull-dereference -DSYSCONFDIR="\"/usr/local/etc\"" -I"./linux" -g -O2 -MT ScreenManager.o -MD -MP -MF $depbase.Tpo -c -o ScreenManager.o ScreenManager.c &&\
mv -f $depbase.Tpo $depbase.Po
depbase=`echo ScreensPanel.o | sed 's|[^/]*$|.deps/&|;s|\.o$||'`;\
gcc -DHAVE_CONFIG_H -I.  -DNDEBUG  -std=c99 -pedantic -D_DEFAULT_SOURCE -D_XOPEN_SOURCE=600 -Wall -Wcast-align -Wcast-qual -Wextra -Wfloat-equal -Wformat=2 -Winit-self -Wmissing-format-attribute -Wmissing-noreturn -Wmissing-prototypes -Wpointer-arith -Wshadow -Wstrict-prototypes -Wundef -Wunused -Wwrite-strings -Wnull-dereference -DSYSCONFDIR="\"/usr/local/etc\"" -I"./linux" -g -O2 -MT ScreensPanel.o -MD -MP -MF $depbase.Tpo -c -o ScreensPanel.o ScreensPanel.c &&\
mv -f $depbase.Tpo $depbase.Po
depbase=`echo ScreenTabsPanel.o | sed 's|[^/]*$|.deps/&|;s|\.o$||'`;\
gcc -DHAVE_CONFIG_H -I.  -DNDEBUG  -std=c99 -pedantic -D_DEFAULT_SOURCE -D_XOPEN_SOURCE=600 -Wall -Wcast-align -Wcast-qual -Wextra -Wfloat-equal -Wformat=2 -Winit-self -Wmissing-format-attribute -Wmissing-noreturn -Wmissing-prototypes -Wpointer-arith -Wshadow -Wstrict-prototypes -Wundef -Wunused -Wwrite-strings -Wnull-dereference -DSYSCONFDIR="\"/usr/local/etc\"" -I"./linux" -g -O2 -MT ScreenTabsPanel.o -MD -MP -MF $depbase.Tpo -c -o ScreenTabsPanel.o ScreenTabsPanel.c &&\
mv -f $depbase.Tpo $depbase.Po
depbase=`echo Settings.o | sed 's|[^/]*$|.deps/&|;s|\.o$||'`;\
gcc -DHAVE_CONFIG_H -I.  -DNDEBUG  -std=c99 -pedantic -D_DEFAULT_SOURCE -D_XOPEN_SOURCE=600 -Wall -Wcast-align -Wcast-qual -Wextra -Wfloat-equal -Wformat=2 -Winit-self -Wmissing-format-attribute -Wmissing-noreturn -Wmissing-prototypes -Wpointer-arith -Wshadow -Wstrict-prototypes -Wundef -Wunused -Wwrite-strings -Wnull-dereference -DSYSCONFDIR="\"/usr/local/etc\"" -I"./linux" -g -O2 -MT Settings.o -MD -MP -MF $depbase.Tpo -c -o Settings.o Settings.c &&\
mv -f $depbase.Tpo $depbase.Po
depbase=`echo SignalsPanel.o | sed 's|[^/]*$|.deps/&|;s|\.o$||'`;\
gcc -DHAVE_CONFIG_H -I.  -DNDEBUG  -std=c99 -pedantic -D_DEFAULT_SOURCE -D_XOPEN_SOURCE=600 -Wall -Wcast-align -Wcast-qual -Wextra -Wfloat-equal -Wformat=2 -Winit-self -Wmissing-format-attribute -Wmissing-noreturn -Wmissing-prototypes -Wpointer-arith -Wshadow -Wstrict-prototypes -Wundef -Wunused -Wwrite-strings -Wnull-dereference -DSYSCONFDIR="\"/usr/local/etc\"" -I"./linux" -g -O2 -MT SignalsPanel.o -MD -MP -MF $depbase.Tpo -c -o SignalsPanel.o SignalsPanel.c &&\
mv -f $depbase.Tpo $depbase.Po
depbase=`echo SwapMeter.o | sed 's|[^/]*$|.deps/&|;s|\.o$||'`;\
gcc -DHAVE_CONFIG_H -I.  -DNDEBUG  -std=c99 -pedantic -D_DEFAULT_SOURCE -D_XOPEN_SOURCE=600 -Wall -Wcast-align -Wcast-qual -Wextra -Wfloat-equal -Wformat=2 -Winit-self -Wmissing-format-attribute -Wmissing-noreturn -Wmissing-prototypes -Wpointer-arith -Wshadow -Wstrict-prototypes -Wundef -Wunused -Wwrite-strings -Wnull-dereference -DSYSCONFDIR="\"/usr/local/etc\"" -I"./linux" -g -O2 -MT SwapMeter.o -MD -MP -MF $depbase.Tpo -c -o SwapMeter.o SwapMeter.c &&\
mv -f $depbase.Tpo $depbase.Po
depbase=`echo SysArchMeter.o | sed 's|[^/]*$|.deps/&|;s|\.o$||'`;\
gcc -DHAVE_CONFIG_H -I.  -DNDEBUG  -std=c99 -pedantic -D_DEFAULT_SOURCE -D_XOPEN_SOURCE=600 -Wall -Wcast-align -Wcast-qual -Wextra -Wfloat-equal -Wformat=2 -Winit-self -Wmissing-format-attribute -Wmissing-noreturn -Wmissing-prototypes -Wpointer-arith -Wshadow -Wstrict-prototypes -Wundef -Wunused -Wwrite-strings -Wnull-dereference -DSYSCONFDIR="\"/usr/local/etc\"" -I"./linux" -g -O2 -MT SysArchMeter.o -MD -MP -MF $depbase.Tpo -c -o SysArchMeter.o SysArchMeter.c &&\
mv -f $depbase.Tpo $depbase.Po
depbase=`echo Table.o | sed 's|[^/]*$|.deps/&|;s|\.o$||'`;\
gcc -DHAVE_CONFIG_H -I.  -DNDEBUG  -std=c99 -pedantic -D_DEFAULT_SOURCE -D_XOPEN_SOURCE=600 -Wall -Wcast-align -Wcast-qual -Wextra -Wfloat-equal -Wformat=2 -Winit-self -Wmissing-format-attribute -Wmissing-noreturn -Wmissing-prototypes -Wpointer-arith -Wshadow -Wstrict-prototypes -Wundef -Wunused -Wwrite-strings -Wnull-dereference -DSYSCONFDIR="\"/usr/local/etc\"" -I"./linux" -g -O2 -MT Table.o -MD -MP -MF $depbase.Tpo -c -o Table.o Table.c &&\
mv -f $depbase.Tpo $depbase.Po
depbase=`echo TasksMeter.o | sed 's|[^/]*$|.deps/&|;s|\.o$||'`;\
gcc -DHAVE_CONFIG_H -I.  -DNDEBUG  -std=c99 -pedantic -D_DEFAULT_SOURCE -D_XOPEN_SOURCE=600 -Wall -Wcast-align -Wcast-qual -Wextra -Wfloat-equal -Wformat=2 -Winit-self -Wmissing-format-attribute -Wmissing-noreturn -Wmissing-prototypes -Wpointer-arith -Wshadow -Wstrict-prototypes -Wundef -Wunused -Wwrite-strings -Wnull-dereference -DSYSCONFDIR="\"/usr/local/etc\"" -I"./linux" -g -O2 -MT TasksMeter.o -MD -MP -MF $depbase.Tpo -c -o TasksMeter.o TasksMeter.c &&\
mv -f $depbase.Tpo $depbase.Po
depbase=`echo TraceScreen.o | sed 's|[^/]*$|.deps/&|;s|\.o$||'`;\
gcc -DHAVE_CONFIG_H -I.  -DNDEBUG  -std=c99 -pedantic -D_DEFAULT_SOURCE -D_XOPEN_SOURCE=600 -Wall -Wcast-align -Wcast-qual -Wextra -Wfloat-equal -Wformat=2 -Winit-self -Wmissing-format-attribute -Wmissing-noreturn -Wmissing-prototypes -Wpointer-arith -Wshadow -Wstrict-prototypes -Wundef -Wunused -Wwrite-strings -Wnull-dereference -DSYSCONFDIR="\"/usr/local/etc\"" -I"./linux" -g -O2 -MT TraceScreen.o -MD -MP -MF $depbase.Tpo -c -o TraceScreen.o TraceScreen.c &&\
mv -f $depbase.Tpo $depbase.Po
depbase=`echo UptimeMeter.o | sed 's|[^/]*$|.deps/&|;s|\.o$||'`;\
gcc -DHAVE_CONFIG_H -I.  -DNDEBUG  -std=c99 -pedantic -D_DEFAULT_SOURCE -D_XOPEN_SOURCE=600 -Wall -Wcast-align -Wcast-qual -Wextra -Wfloat-equal -Wformat=2 -Winit-self -Wmissing-format-attribute -Wmissing-noreturn -Wmissing-prototypes -Wpointer-arith -Wshadow -Wstrict-prototypes -Wundef -Wunused -Wwrite-strings -Wnull-dereference -DSYSCONFDIR="\"/usr/local/etc\"" -I"./linux" -g -O2 -MT UptimeMeter.o -MD -MP -MF $depbase.Tpo -c -o UptimeMeter.o UptimeMeter.c &&\
mv -f $depbase.Tpo $depbase.Po
depbase=`echo UsersTable.o | sed 's|[^/]*$|.deps/&|;s|\.o$||'`;\
gcc -DHAVE_CONFIG_H -I.  -DNDEBUG  -std=c99 -pedantic -D_DEFAULT_SOURCE -D_XOPEN_SOURCE=600 -Wall -Wcast-align -Wcast-qual -Wextra -Wfloat-equal -Wformat=2 -Winit-self -Wmissing-format-attribute -Wmissing-noreturn -Wmissing-prototypes -Wpointer-arith -Wshadow -Wstrict-prototypes -Wundef -Wunused -Wwrite-strings -Wnull-dereference -DSYSCONFDIR="\"/usr/local/etc\"" -I"./linux" -g -O2 -MT UsersTable.o -MD -MP -MF $depbase.Tpo -c -o UsersTable.o UsersTable.c &&\
mv -f $depbase.Tpo $depbase.Po
depbase=`echo Vector.o | sed 's|[^/]*$|.deps/&|;s|\.o$||'`;\
gcc -DHAVE_CONFIG_H -I.  -DNDEBUG  -std=c99 -pedantic -D_DEFAULT_SOURCE -D_XOPEN_SOURCE=600 -Wall -Wcast-align -Wcast-qual -Wextra -Wfloat-equal -Wformat=2 -Winit-self -Wmissing-format-attribute -Wmissing-noreturn -Wmissing-prototypes -Wpointer-arith -Wshadow -Wstrict-prototypes -Wundef -Wunused -Wwrite-strings -Wnull-dereference -DSYSCONFDIR="\"/usr/local/etc\"" -I"./linux" -g -O2 -MT Vector.o -MD -MP -MF $depbase.Tpo -c -o Vector.o Vector.c &&\
mv -f $depbase.Tpo $depbase.Po
depbase=`echo XUtils.o | sed 's|[^/]*$|.deps/&|;s|\.o$||'`;\
gcc -DHAVE_CONFIG_H -I.  -DNDEBUG  -std=c99 -pedantic -D_DEFAULT_SOURCE -D_XOPEN_SOURCE=600 -Wall -Wcast-align -Wcast-qual -Wextra -Wfloat-equal -Wformat=2 -Winit-self -Wmissing-format-attribute -Wmissing-noreturn -Wmissing-prototypes -Wpointer-arith -Wshadow -Wstrict-prototypes -Wundef -Wunused -Wwrite-strings -Wnull-dereference -DSYSCONFDIR="\"/usr/local/etc\"" -I"./linux" -g -O2 -MT XUtils.o -MD -MP -MF $depbase.Tpo -c -o XUtils.o XUtils.c &&\
mv -f $depbase.Tpo $depbase.Po
depbase=`echo GPUMeter.o | sed 's|[^/]*$|.deps/&|;s|\.o$||'`;\
gcc -DHAVE_CONFIG_H -I.  -DNDEBUG  -std=c99 -pedantic -D_DEFAULT_SOURCE -D_XOPEN_SOURCE=600 -Wall -Wcast-align -Wcast-qual -Wextra -Wfloat-equal -Wformat=2 -Winit-self -Wmissing-format-attribute -Wmissing-noreturn -Wmissing-prototypes -Wpointer-arith -Wshadow -Wstrict-prototypes -Wundef -Wunused -Wwrite-strings -Wnull-dereference -DSYSCONFDIR="\"/usr/local/etc\"" -I"./linux" -g -O2 -MT GPUMeter.o -MD -MP -MF $depbase.Tpo -c -o GPUMeter.o GPUMeter.c &&\
mv -f $depbase.Tpo $depbase.Po
depbase=`echo generic/gettime.o | sed 's|[^/]*$|.deps/&|;s|\.o$||'`;\
gcc -DHAVE_CONFIG_H -I.  -DNDEBUG  -std=c99 -pedantic -D_DEFAULT_SOURCE -D_XOPEN_SOURCE=600 -Wall -Wcast-align -Wcast-qual -Wextra -Wfloat-equal -Wformat=2 -Winit-self -Wmissing-format-attribute -Wmissing-noreturn -Wmissing-prototypes -Wpointer-arith -Wshadow -Wstrict-prototypes -Wundef -Wunused -Wwrite-strings -Wnull-dereference -DSYSCONFDIR="\"/usr/local/etc\"" -I"./linux" -g -O2 -MT generic/gettime.o -MD -MP -MF $depbase.Tpo -c -o generic/gettime.o generic/gettime.c &&\
mv -f $depbase.Tpo $depbase.Po
depbase=`echo generic/hostname.o | sed 's|[^/]*$|.deps/&|;s|\.o$||'`;\
gcc -DHAVE_CONFIG_H -I.  -DNDEBUG  -std=c99 -pedantic -D_DEFAULT_SOURCE -D_XOPEN_SOURCE=600 -Wall -Wcast-align -Wcast-qual -Wextra -Wfloat-equal -Wformat=2 -Winit-self -Wmissing-format-attribute -Wmissing-noreturn -Wmissing-prototypes -Wpointer-arith -Wshadow -Wstrict-prototypes -Wundef -Wunused -Wwrite-strings -Wnull-dereference -DSYSCONFDIR="\"/usr/local/etc\"" -I"./linux" -g -O2 -MT generic/hostname.o -MD -MP -MF $depbase.Tpo -c -o generic/hostname.o generic/hostname.c &&\
mv -f $depbase.Tpo $depbase.Po
depbase=`echo generic/uname.o | sed 's|[^/]*$|.deps/&|;s|\.o$||'`;\
gcc -DHAVE_CONFIG_H -I.  -DNDEBUG  -std=c99 -pedantic -D_DEFAULT_SOURCE -D_XOPEN_SOURCE=600 -Wall -Wcast-align -Wcast-qual -Wextra -Wfloat-equal -Wformat=2 -Winit-self -Wmissing-format-attribute -Wmissing-noreturn -Wmissing-prototypes -Wpointer-arith -Wshadow -Wstrict-prototypes -Wundef -Wunused -Wwrite-strings -Wnull-dereference -DSYSCONFDIR="\"/usr/local/etc\"" -I"./linux" -g -O2 -MT generic/uname.o -MD -MP -MF $depbase.Tpo -c -o generic/uname.o generic/uname.c &&\
mv -f $depbase.Tpo $depbase.Po
depbase=`echo linux/CGroupUtils.o | sed 's|[^/]*$|.deps/&|;s|\.o$||'`;\
gcc -DHAVE_CONFIG_H -I.  -DNDEBUG  -std=c99 -pedantic -D_DEFAULT_SOURCE -D_XOPEN_SOURCE=600 -Wall -Wcast-align -Wcast-qual -Wextra -Wfloat-equal -Wformat=2 -Winit-self -Wmissing-format-attribute -Wmissing-noreturn -Wmissing-prototypes -Wpointer-arith -Wshadow -Wstrict-prototypes -Wundef -Wunused -Wwrite-strings -Wnull-dereference -DSYSCONFDIR="\"/usr/local/etc\"" -I"./linux" -g -O2 -MT linux/CGroupUtils.o -MD -MP -MF $depbase.Tpo -c -o linux/CGroupUtils.o linux/CGroupUtils.c &&\
mv -f $depbase.Tpo $depbase.Po
depbase=`echo linux/GPU.o | sed 's|[^/]*$|.deps/&|;s|\.o$||'`;\
gcc -DHAVE_CONFIG_H -I.  -DNDEBUG  -std=c99 -pedantic -D_DEFAULT_SOURCE -D_XOPEN_SOURCE=600 -Wall -Wcast-align -Wcast-qual -Wextra -Wfloat-equal -Wformat=2 -Winit-self -Wmissing-format-attribute -Wmissing-noreturn -Wmissing-prototypes -Wpointer-arith -Wshadow -Wstrict-prototypes -Wundef -Wunused -Wwrite-strings -Wnull-dereference -DSYSCONFDIR="\"/usr/local/etc\"" -I"./linux" -g -O2 -MT linux/GPU.o -MD -MP -MF $depbase.Tpo -c -o linux/GPU.o linux/GPU.c &&\
mv -f $depbase.Tpo $depbase.Po
depbase=`echo linux/HugePageMeter.o | sed 's|[^/]*$|.deps/&|;s|\.o$||'`;\
gcc -DHAVE_CONFIG_H -I.  -DNDEBUG  -std=c99 -pedantic -D_DEFAULT_SOURCE -D_XOPEN_SOURCE=600 -Wall -Wcast-align -Wcast-qual -Wextra -Wfloat-equal -Wformat=2 -Winit-self -Wmissing-format-attribute -Wmissing-noreturn -Wmissing-prototypes -Wpointer-arith -Wshadow -Wstrict-prototypes -Wundef -Wunused -Wwrite-strings -Wnull-dereference -DSYSCONFDIR="\"/usr/local/etc\"" -I"./linux" -g -O2 -MT linux/HugePageMeter.o -MD -MP -MF $depbase.Tpo -c -o linux/HugePageMeter.o linux/HugePageMeter.c &&\
mv -f $depbase.Tpo $depbase.Po
depbase=`echo linux/IOPriorityPanel.o | sed 's|[^/]*$|.deps/&|;s|\.o$||'`;\
gcc -DHAVE_CONFIG_H -I.  -DNDEBUG  -std=c99 -pedantic -D_DEFAULT_SOURCE -D_XOPEN_SOURCE=600 -Wall -Wcast-align -Wcast-qual -Wextra -Wfloat-equal -Wformat=2 -Winit-self -Wmissing-format-attribute -Wmissing-noreturn -Wmissing-prototypes -Wpointer-arith -Wshadow -Wstrict-prototypes -Wundef -Wunused -Wwrite-strings -Wnull-dereference -DSYSCONFDIR="\"/usr/local/etc\"" -I"./linux" -g -O2 -MT linux/IOPriorityPanel.o -MD -MP -MF $depbase.Tpo -c -o linux/IOPriorityPanel.o linux/IOPriorityPanel.c &&\
mv -f $depbase.Tpo $depbase.Po
depbase=`echo linux/LibSensors.o | sed 's|[^/]*$|.deps/&|;s|\.o$||'`;\
gcc -DHAVE_CONFIG_H -I.  -DNDEBUG  -std=c99 -pedantic -D_DEFAULT_SOURCE -D_XOPEN_SOURCE=600 -Wall -Wcast-align -Wcast-qual -Wextra -Wfloat-equal -Wformat=2 -Winit-self -Wmissing-format-attribute -Wmissing-noreturn -Wmissing-prototypes -Wpointer-arith -Wshadow -Wstrict-prototypes -Wundef -Wunused -Wwrite-strings -Wnull-dereference -DSYSCONFDIR="\"/usr/local/etc\"" -I"./linux" -g -O2 -MT linux/LibSensors.o -MD -MP -MF $depbase.Tpo -c -o linux/LibSensors.o linux/LibSensors.c &&\
mv -f $depbase.Tpo $depbase.Po
depbase=`echo linux/LinuxMachine.o | sed 's|[^/]*$|.deps/&|;s|\.o$||'`;\
gcc -DHAVE_CONFIG_H -I.  -DNDEBUG  -std=c99 -pedantic -D_DEFAULT_SOURCE -D_XOPEN_SOURCE=600 -Wall -Wcast-align -Wcast-qual -Wextra -Wfloat-equal -Wformat=2 -Winit-self -Wmissing-format-attribute -Wmissing-noreturn -Wmissing-prototypes -Wpointer-arith -Wshadow -Wstrict-prototypes -Wundef -Wunused -Wwrite-strings -Wnull-dereference -DSYSCONFDIR="\"/usr/local/etc\"" -I"./linux" -g -O2 -MT linux/LinuxMachine.o -MD -MP -MF $depbase.Tpo -c -o linux/LinuxMachine.o linux/LinuxMachine.c &&\
mv -f $depbase.Tpo $depbase.Po
depbase=`echo linux/LinuxProcess.o | sed 's|[^/]*$|.deps/&|;s|\.o$||'`;\
gcc -DHAVE_CONFIG_H -I.  -DNDEBUG  -std=c99 -pedantic -D_DEFAULT_SOURCE -D_XOPEN_SOURCE=600 -Wall -Wcast-align -Wcast-qual -Wextra -Wfloat-equal -Wformat=2 -Winit-self -Wmissing-format-attribute -Wmissing-noreturn -Wmissing-prototypes -Wpointer-arith -Wshadow -Wstrict-prototypes -Wundef -Wunused -Wwrite-strings -Wnull-dereference -DSYSCONFDIR="\"/usr/local/etc\"" -I"./linux" -g -O2 -MT linux/LinuxProcess.o -MD -MP -MF $depbase.Tpo -c -o linux/LinuxProcess.o linux/LinuxProcess.c &&\
mv -f $depbase.Tpo $depbase.Po
depbase=`echo linux/LinuxProcessTable.o | sed 's|[^/]*$|.deps/&|;s|\.o$||'`;\
gcc -DHAVE_CONFIG_H -I.  -DNDEBUG  -std=c99 -pedantic -D_DEFAULT_SOURCE -D_XOPEN_SOURCE=600 -Wall -Wcast-align -Wcast-qual -Wextra -Wfloat-equal -Wformat=2 -Winit-self -Wmissing-format-attribute -Wmissing-noreturn -Wmissing-prototypes -Wpointer-arith -Wshadow -Wstrict-prototypes -Wundef -Wunused -Wwrite-strings -Wnull-dereference -DSYSCONFDIR="\"/usr/local/etc\"" -I"./linux" -g -O2 -MT linux/LinuxProcessTable.o -MD -MP -MF $depbase.Tpo -c -o linux/LinuxProcessTable.o linux/LinuxProcessTable.c &&\
mv -f $depbase.Tpo $depbase.Po
depbase=`echo linux/Platform.o | sed 's|[^/]*$|.deps/&|;s|\.o$||'`;\
gcc -DHAVE_CONFIG_H -I.  -DNDEBUG  -std=c99 -pedantic -D_DEFAULT_SOURCE -D_XOPEN_SOURCE=600 -Wall -Wcast-align -Wcast-qual -Wextra -Wfloat-equal -Wformat=2 -Winit-self -Wmissing-format-attribute -Wmissing-noreturn -Wmissing-prototypes -Wpointer-arith -Wshadow -Wstrict-prototypes -Wundef -Wunused -Wwrite-strings -Wnull-dereference -DSYSCONFDIR="\"/usr/local/etc\"" -I"./linux" -g -O2 -MT linux/Platform.o -MD -MP -MF $depbase.Tpo -c -o linux/Platform.o linux/Platform.c &&\
mv -f $depbase.Tpo $depbase.Po
depbase=`echo linux/PressureStallMeter.o | sed 's|[^/]*$|.deps/&|;s|\.o$||'`;\
gcc -DHAVE_CONFIG_H -I.  -DNDEBUG  -std=c99 -pedantic -D_DEFAULT_SOURCE -D_XOPEN_SOURCE=600 -Wall -Wcast-align -Wcast-qual -Wextra -Wfloat-equal -Wformat=2 -Winit-self -Wmissing-format-attribute -Wmissing-noreturn -Wmissing-prototypes -Wpointer-arith -Wshadow -Wstrict-prototypes -Wundef -Wunused -Wwrite-strings -Wnull-dereference -DSYSCONFDIR="\"/usr/local/etc\"" -I"./linux" -g -O2 -MT linux/PressureStallMeter.o -MD -MP -MF $depbase.Tpo -c -o linux/PressureStallMeter.o linux/PressureStallMeter.c &&\
mv -f $depbase.Tpo $depbase.Po
depbase=`echo linux/SELinuxMeter.o | sed 's|[^/]*$|.deps/&|;s|\.o$||'`;\
gcc -DHAVE_CONFIG_H -I.  -DNDEBUG  -std=c99 -pedantic -D_DEFAULT_SOURCE -D_XOPEN_SOURCE=600 -Wall -Wcast-align -Wcast-qual -Wextra -Wfloat-equal -Wformat=2 -Winit-self -Wmissing-format-attribute -Wmissing-noreturn -Wmissing-prototypes -Wpointer-arith -Wshadow -Wstrict-prototypes -Wundef -Wunused -Wwrite-strings -Wnull-dereference -DSYSCONFDIR="\"/usr/local/etc\"" -I"./linux" -g -O2 -MT linux/SELinuxMeter.o -MD -MP -MF $depbase.Tpo -c -o linux/SELinuxMeter.o linux/SELinuxMeter.c &&\
mv -f $depbase.Tpo $depbase.Po
depbase=`echo linux/SystemdMeter.o | sed 's|[^/]*$|.deps/&|;s|\.o$||'`;\
gcc -DHAVE_CONFIG_H -I.  -DNDEBUG  -std=c99 -pedantic -D_DEFAULT_SOURCE -D_XOPEN_SOURCE=600 -Wall -Wcast-align -Wcast-qual -Wextra -Wfloat-equal -Wformat=2 -Winit-self -Wmissing-format-attribute -Wmissing-noreturn -Wmissing-prototypes -Wpointer-arith -Wshadow -Wstrict-prototypes -Wundef -Wunused -Wwrite-strings -Wnull-dereference -DSYSCONFDIR="\"/usr/local/etc\"" -I"./linux" -g -O2 -MT linux/SystemdMeter.o -MD -MP -MF $depbase.Tpo -c -o linux/SystemdMeter.o linux/SystemdMeter.c &&\
mv -f $depbase.Tpo $depbase.Po
depbase=`echo linux/ZramMeter.o | sed 's|[^/]*$|.deps/&|;s|\.o$||'`;\
gcc -DHAVE_CONFIG_H -I.  -DNDEBUG  -std=c99 -pedantic -D_DEFAULT_SOURCE -D_XOPEN_SOURCE=600 -Wall -Wcast-align -Wcast-qual -Wextra -Wfloat-equal -Wformat=2 -Winit-self -Wmissing-format-attribute -Wmissing-noreturn -Wmissing-prototypes -Wpointer-arith -Wshadow -Wstrict-prototypes -Wundef -Wunused -Wwrite-strings -Wnull-dereference -DSYSCONFDIR="\"/usr/local/etc\"" -I"./linux" -g -O2 -MT linux/ZramMeter.o -MD -MP -MF $depbase.Tpo -c -o linux/ZramMeter.o linux/ZramMeter.c &&\
mv -f $depbase.Tpo $depbase.Po
depbase=`echo zfs/ZfsArcMeter.o | sed 's|[^/]*$|.deps/&|;s|\.o$||'`;\
gcc -DHAVE_CONFIG_H -I.  -DNDEBUG  -std=c99 -pedantic -D_DEFAULT_SOURCE -D_XOPEN_SOURCE=600 -Wall -Wcast-align -Wcast-qual -Wextra -Wfloat-equal -Wformat=2 -Winit-self -Wmissing-format-attribute -Wmissing-noreturn -Wmissing-prototypes -Wpointer-arith -Wshadow -Wstrict-prototypes -Wundef -Wunused -Wwrite-strings -Wnull-dereference -DSYSCONFDIR="\"/usr/local/etc\"" -I"./linux" -g -O2 -MT zfs/ZfsArcMeter.o -MD -MP -MF $depbase.Tpo -c -o zfs/ZfsArcMeter.o zfs/ZfsArcMeter.c &&\
mv -f $depbase.Tpo $depbase.Po
depbase=`echo zfs/ZfsCompressedArcMeter.o | sed 's|[^/]*$|.deps/&|;s|\.o$||'`;\
gcc -DHAVE_CONFIG_H -I.  -DNDEBUG  -std=c99 -pedantic -D_DEFAULT_SOURCE -D_XOPEN_SOURCE=600 -Wall -Wcast-align -Wcast-qual -Wextra -Wfloat-equal -Wformat=2 -Winit-self -Wmissing-format-attribute -Wmissing-noreturn -Wmissing-prototypes -Wpointer-arith -Wshadow -Wstrict-prototypes -Wundef -Wunused -Wwrite-strings -Wnull-dereference -DSYSCONFDIR="\"/usr/local/etc\"" -I"./linux" -g -O2 -MT zfs/ZfsCompressedArcMeter.o -MD -MP -MF $depbase.Tpo -c -o zfs/ZfsCompressedArcMeter.o zfs/ZfsCompressedArcMeter.c &&\
mv -f $depbase.Tpo $depbase.Po
gcc -std=c99 -pedantic -D_DEFAULT_SOURCE -D_XOPEN_SOURCE=600 -Wall -Wcast-align -Wcast-qual -Wextra -Wfloat-equal -Wformat=2 -Winit-self -Wmissing-format-attribute -Wmissing-noreturn -Wmissing-prototypes -Wpointer-arith -Wshadow -Wstrict-prototypes -Wundef -Wunused -Wwrite-strings -Wnull-dereference -DSYSCONFDIR="\"/usr/local/etc\"" -I"./linux" -g -O2 -rdynamic   -o htop htop.o   Action.o Affinity.o AffinityPanel.o AvailableColumnsPanel.o AvailableMetersPanel.o BatteryMeter.o CategoriesPanel.o ClockMeter.o ColorsPanel.o ColumnsPanel.o CommandLine.o CommandScreen.o Compat.o CPUMeter.o CRT.o DateMeter.o DateTimeMeter.o DiskIOMeter.o DisplayOptionsPanel.o DynamicColumn.o DynamicMeter.o DynamicScreen.o EnvScreen.o FileDescriptorMeter.o FunctionBar.o Hashtable.o Header.o HeaderOptionsPanel.o HostnameMeter.o IncSet.o InfoScreen.o ListItem.o LoadAverageMeter.o Machine.o MainPanel.o MemoryMeter.o MemorySwapMeter.o Meter.o MetersPanel.o NetworkIOMeter.o Object.o OpenFilesScreen.o OptionItem.o Panel.o Process.o ProcessLocksScreen.o ProcessTable.o Row.o RichString.o Scheduling.o ScreenManager.o ScreensPanel.o ScreenTabsPanel.o Settings.o SignalsPanel.o SwapMeter.o SysArchMeter.o Table.o TasksMeter.o TraceScreen.o UptimeMeter.o UsersTable.o Vector.o XUtils.o GPUMeter.o generic/gettime.o generic/hostname.o generic/uname.o linux/CGroupUtils.o linux/GPU.o linux/HugePageMeter.o linux/IOPriorityPanel.o linux/LibSensors.o linux/LinuxMachine.o linux/LinuxProcess.o linux/LinuxProcessTable.o linux/Platform.o linux/PressureStallMeter.o linux/SELinuxMeter.o linux/SystemdMeter.o linux/ZramMeter.o zfs/ZfsArcMeter.o zfs/ZfsCompressedArcMeter.o    -lncursesw -ltinfo -lm
make[1]: Leaving directory '/home/leila/htop'
make[1]: Entering directory '/home/leila/htop'
 /usr/bin/mkdir -p '/usr/local/bin'
  /usr/bin/install -c htop '/usr/local/bin'
 /usr/bin/mkdir -p '/usr/local/share/icons/hicolor/scalable/apps'
 /usr/bin/install -c -m 644 htop.svg '/usr/local/share/icons/hicolor/scalable/apps'
 /usr/bin/mkdir -p '/usr/local/share/applications'
 /usr/bin/install -c -m 644 htop.desktop '/usr/local/share/applications'
 /usr/bin/mkdir -p '/usr/local/share/man/man1'
 /usr/bin/install -c -m 644 htop.1 '/usr/local/share/man/man1'
 /usr/bin/mkdir -p '/usr/local/share/pixmaps'
 /usr/bin/install -c -m 644 htop.png '/usr/local/share/pixmaps'
make[1]: Leaving directory '/home/leila/htop'
